// Jest Snapshot v1, https://goo.gl/fbAQLP

exports[`Surefire report reader can read a Surefire report 1`] = `
Object {
  "errors": 2,
  "failures": 2,
  "skipped": 2,
  "testCases": Array [
    Object {
      "className": "org.example.SimpleTest",
      "message": "void org.example.SimpleTest.disabledTest() is @Disabled",
      "result": "skipped",
      "stackTrace": undefined,
      "testName": "disabledTest",
    },
    Object {
      "className": "org.example.SimpleTest",
      "message": "",
      "result": "error",
      "stackTrace": "java.lang.RuntimeException: error message
	at org.example.SimpleTest.errorTestWithMessage(SimpleTest.java:29)",
      "testName": "errorTestWithMessage",
    },
    Object {
      "className": "org.example.SimpleTest",
      "message": "",
      "result": "failure",
      "stackTrace": "org.opentest4j.AssertionFailedError: 
	at org.example.SimpleTest.failingTestWithoutMessage(SimpleTest.java:24)",
      "testName": "failingTestWithoutMessage",
    },
    Object {
      "className": "org.example.SimpleTest",
      "message": "",
      "result": "skipped",
      "stackTrace": "org.opentest4j.TestAbortedException: Assumption failed: assumption is not true
	at org.example.SimpleTest.skippedTest(SimpleTest.java:45)",
      "testName": "skippedTest",
    },
    Object {
      "className": "org.example.SimpleTest",
      "message": "",
      "result": "error",
      "stackTrace": "java.lang.RuntimeException
	at org.example.SimpleTest.errorTestWithoutMessage(SimpleTest.java:34)",
      "testName": "errorTestWithoutMessage",
    },
    Object {
      "className": "org.example.SimpleTest",
      "message": "",
      "result": "failure",
      "stackTrace": "org.opentest4j.AssertionFailedError: expected: <5> but was: <4>
	at org.example.SimpleTest.failingTestWithMessage(SimpleTest.java:19)",
      "testName": "failingTestWithMessage",
    },
  ],
  "tests": 7,
}
`;
